[2026-03-17T21:21:45.696+0000] {local_task_job_runner.py:123} INFO - ::group::Pre task execution logs
[2026-03-17T21:21:45.721+0000] {taskinstance.py:2603} INFO - Dependencies all met for dep_context=non-requeueable deps ti=<TaskInstance: pipeline_ville_ideale_complet.recuperer_departements scheduled__2026-03-16T00:00:00+00:00 [queued]>
[2026-03-17T21:21:45.730+0000] {taskinstance.py:2603} INFO - Dependencies all met for dep_context=requeueable deps ti=<TaskInstance: pipeline_ville_ideale_complet.recuperer_departements scheduled__2026-03-16T00:00:00+00:00 [queued]>
[2026-03-17T21:21:45.731+0000] {taskinstance.py:2856} INFO - Starting attempt 2 of 2
[2026-03-17T21:21:45.758+0000] {taskinstance.py:2879} INFO - Executing <Task(PythonOperator): recuperer_departements> on 2026-03-16 00:00:00+00:00
[2026-03-17T21:21:45.767+0000] {standard_task_runner.py:72} INFO - Started process 94 to run task
[2026-03-17T21:21:45.775+0000] {standard_task_runner.py:104} INFO - Running: ['***', 'tasks', 'run', 'pipeline_ville_ideale_complet', 'recuperer_departements', 'scheduled__2026-03-16T00:00:00+00:00', '--job-id', '6', '--raw', '--subdir', 'DAGS_FOLDER/scraping_dag.py', '--cfg-path', '/tmp/tmpgsebhie0']
[2026-03-17T21:21:45.781+0000] {standard_task_runner.py:105} INFO - Job 6: Subtask recuperer_departements
[2026-03-17T21:21:45.869+0000] {task_command.py:467} INFO - Running <TaskInstance: pipeline_ville_ideale_complet.recuperer_departements scheduled__2026-03-16T00:00:00+00:00 [running]> on host ***-worker
[2026-03-17T21:21:45.991+0000] {taskinstance.py:3122} INFO - Exporting env vars: AIRFLOW_CTX_DAG_OWNER='***' AIRFLOW_CTX_DAG_ID='pipeline_ville_ideale_complet' AIRFLOW_CTX_TASK_ID='recuperer_departements' AIRFLOW_CTX_EXECUTION_DATE='2026-03-16T00:00:00+00:00' AIRFLOW_CTX_TRY_NUMBER='2' AIRFLOW_CTX_DAG_RUN_ID='scheduled__2026-03-16T00:00:00+00:00'
[2026-03-17T21:21:45.995+0000] {taskinstance.py:731} INFO - ::endgroup::
[2026-03-17T21:21:46.342+0000] {python.py:240} INFO - Done. Returned value was: ['01‑Ain', '02‑Aisne', '03‑Allier', '04‑Alpes‑de‑Haute‑Provence', '05‑Hautes‑Alpes', '06‑Alpes‑Maritimes', '07‑Ardèche', '08‑Ardennes', '09‑Ariège', '10‑Aube', '11‑Aude', '12‑Aveyron', '13‑Bouches‑du‑Rhône', '14‑Calvados', '15‑Cantal', '16‑Charente', '17‑Charente‑Maritime', '18‑Cher', '19‑Corrèze', '2A‑Corse‑du‑Sud', '2B‑Haute‑Corse', "21‑Côte‑d'Or", "22‑Côtes‑d'Armor", '23‑Creuse', '24‑Dordogne', '25‑Doubs', '26‑Drôme', '27‑Eure', '28‑Eure‑et‑Loir', '29‑Finistère', '30‑Gard', '31‑Haute‑Garonne', '32‑Gers', '33‑Gironde', '34‑Hérault', '35‑Ille‑et‑Vilaine', '36‑Indre', '37‑Indre‑et‑Loire', '38‑Isère', '39‑Jura', '40‑Landes', '41‑Loir‑et‑Cher', '42‑Loire', '43‑Haute‑Loire', '44‑Loire‑Atlantique', '45‑Loiret', '46‑Lot', '47‑Lot‑et‑Garonne', '48‑Lozère', '49‑Maine‑et‑Loire', '50‑Manche', '51‑Marne', '52‑Haute‑Marne', '53‑Mayenne', '54‑Meurthe‑et‑Moselle', '55‑Meuse', '56‑Morbihan', '57‑Moselle', '58‑Nièvre', '59‑Nord', '60‑Oise', '61‑Orne', '62‑Pas‑de‑Calais', '63‑Puy‑de‑Dôme', '64‑Pyrénées‑Atlantiques', '65‑Hautes‑Pyrénées', '66‑Pyrénées‑Orientales', '67‑Bas‑Rhin', '68‑Haut‑Rhin', '69‑Rhône', '70‑Haute‑Saône', '71‑Saône‑et‑Loire', '72‑Sarthe', '73‑Savoie', '74‑Haute‑Savoie', '75‑Paris', '76‑Seine‑Maritime', '77‑Seine‑et‑Marne', '78‑Yvelines', '79‑Deux‑Sèvres', '80‑Somme', '81‑Tarn', '82‑Tarn‑et‑Garonne', '83‑Var', '84‑Vaucluse', '85‑Vendée', '86‑Vienne', '87‑Haute‑Vienne', '88‑Vosges', '89‑Yonne', '90‑Territoire\xa0de\xa0Belfort', '91‑Essonne', '92‑Hauts‑de‑Seine', '93‑Seine‑Saint‑Denis', '94‑Val‑de‑Marne', "95‑Val‑d'Oise", '971‑Guadeloupe', '972‑Martinique', '973‑Guyane', '974‑La\xa0Réunion']
[2026-03-17T21:21:46.384+0000] {taskinstance.py:340} INFO - ::group::Post task execution logs
[2026-03-17T21:21:46.387+0000] {taskinstance.py:352} INFO - Marking task as SUCCESS. dag_id=pipeline_ville_ideale_complet, task_id=recuperer_departements, run_id=scheduled__2026-03-16T00:00:00+00:00, execution_date=20260316T000000, start_date=20260317T212145, end_date=20260317T212146
[2026-03-17T21:21:46.435+0000] {local_task_job_runner.py:261} INFO - Task exited with return code 0
[2026-03-17T21:21:46.478+0000] {taskinstance.py:3891} INFO - 1 downstream tasks scheduled from follow-on schedule check
[2026-03-17T21:21:46.484+0000] {local_task_job_runner.py:240} INFO - ::endgroup::
[2026-03-17T21:57:14.916+0000] {local_task_job_runner.py:123} INFO - ::group::Pre task execution logs
[2026-03-17T21:57:14.941+0000] {taskinstance.py:2603} INFO - Dependencies all met for dep_context=non-requeueable deps ti=<TaskInstance: pipeline_ville_ideale_complet.recuperer_departements scheduled__2026-03-16T00:00:00+00:00 [queued]>
[2026-03-17T21:57:14.955+0000] {taskinstance.py:2603} INFO - Dependencies all met for dep_context=requeueable deps ti=<TaskInstance: pipeline_ville_ideale_complet.recuperer_departements scheduled__2026-03-16T00:00:00+00:00 [queued]>
[2026-03-17T21:57:14.958+0000] {taskinstance.py:2856} INFO - Starting attempt 2 of 2
[2026-03-17T21:57:14.978+0000] {taskinstance.py:2879} INFO - Executing <Task(PythonOperator): recuperer_departements> on 2026-03-16 00:00:00+00:00
[2026-03-17T21:57:14.987+0000] {standard_task_runner.py:72} INFO - Started process 90 to run task
[2026-03-17T21:57:14.991+0000] {standard_task_runner.py:104} INFO - Running: ['***', 'tasks', 'run', 'pipeline_ville_ideale_complet', 'recuperer_departements', 'scheduled__2026-03-16T00:00:00+00:00', '--job-id', '5', '--raw', '--subdir', 'DAGS_FOLDER/scraping_dag.py', '--cfg-path', '/tmp/tmpm74e79qy']
[2026-03-17T21:57:14.996+0000] {standard_task_runner.py:105} INFO - Job 5: Subtask recuperer_departements
[2026-03-17T21:57:15.097+0000] {task_command.py:467} INFO - Running <TaskInstance: pipeline_ville_ideale_complet.recuperer_departements scheduled__2026-03-16T00:00:00+00:00 [running]> on host ***-worker
[2026-03-17T21:57:15.223+0000] {taskinstance.py:3122} INFO - Exporting env vars: AIRFLOW_CTX_DAG_OWNER='***' AIRFLOW_CTX_DAG_ID='pipeline_ville_ideale_complet' AIRFLOW_CTX_TASK_ID='recuperer_departements' AIRFLOW_CTX_EXECUTION_DATE='2026-03-16T00:00:00+00:00' AIRFLOW_CTX_TRY_NUMBER='2' AIRFLOW_CTX_DAG_RUN_ID='scheduled__2026-03-16T00:00:00+00:00'
[2026-03-17T21:57:15.226+0000] {taskinstance.py:731} INFO - ::endgroup::
[2026-03-17T21:57:15.611+0000] {python.py:240} INFO - Done. Returned value was: ['01‑Ain', '02‑Aisne', '03‑Allier', '04‑Alpes‑de‑Haute‑Provence', '05‑Hautes‑Alpes', '06‑Alpes‑Maritimes', '07‑Ardèche', '08‑Ardennes', '09‑Ariège', '10‑Aube', '11‑Aude', '12‑Aveyron', '13‑Bouches‑du‑Rhône', '14‑Calvados', '15‑Cantal', '16‑Charente', '17‑Charente‑Maritime', '18‑Cher', '19‑Corrèze', '2A‑Corse‑du‑Sud', '2B‑Haute‑Corse', "21‑Côte‑d'Or", "22‑Côtes‑d'Armor", '23‑Creuse', '24‑Dordogne', '25‑Doubs', '26‑Drôme', '27‑Eure', '28‑Eure‑et‑Loir', '29‑Finistère', '30‑Gard', '31‑Haute‑Garonne', '32‑Gers', '33‑Gironde', '34‑Hérault', '35‑Ille‑et‑Vilaine', '36‑Indre', '37‑Indre‑et‑Loire', '38‑Isère', '39‑Jura', '40‑Landes', '41‑Loir‑et‑Cher', '42‑Loire', '43‑Haute‑Loire', '44‑Loire‑Atlantique', '45‑Loiret', '46‑Lot', '47‑Lot‑et‑Garonne', '48‑Lozère', '49‑Maine‑et‑Loire', '50‑Manche', '51‑Marne', '52‑Haute‑Marne', '53‑Mayenne', '54‑Meurthe‑et‑Moselle', '55‑Meuse', '56‑Morbihan', '57‑Moselle', '58‑Nièvre', '59‑Nord', '60‑Oise', '61‑Orne', '62‑Pas‑de‑Calais', '63‑Puy‑de‑Dôme', '64‑Pyrénées‑Atlantiques', '65‑Hautes‑Pyrénées', '66‑Pyrénées‑Orientales', '67‑Bas‑Rhin', '68‑Haut‑Rhin', '69‑Rhône', '70‑Haute‑Saône', '71‑Saône‑et‑Loire', '72‑Sarthe', '73‑Savoie', '74‑Haute‑Savoie', '75‑Paris', '76‑Seine‑Maritime', '77‑Seine‑et‑Marne', '78‑Yvelines', '79‑Deux‑Sèvres', '80‑Somme', '81‑Tarn', '82‑Tarn‑et‑Garonne', '83‑Var', '84‑Vaucluse', '85‑Vendée', '86‑Vienne', '87‑Haute‑Vienne', '88‑Vosges', '89‑Yonne', '90‑Territoire\xa0de\xa0Belfort', '91‑Essonne', '92‑Hauts‑de‑Seine', '93‑Seine‑Saint‑Denis', '94‑Val‑de‑Marne', "95‑Val‑d'Oise", '971‑Guadeloupe', '972‑Martinique', '973‑Guyane', '974‑La\xa0Réunion']
[2026-03-17T21:57:15.657+0000] {taskinstance.py:340} INFO - ::group::Post task execution logs
[2026-03-17T21:57:15.658+0000] {taskinstance.py:352} INFO - Marking task as SUCCESS. dag_id=pipeline_ville_ideale_complet, task_id=recuperer_departements, run_id=scheduled__2026-03-16T00:00:00+00:00, execution_date=20260316T000000, start_date=20260317T215714, end_date=20260317T215715
[2026-03-17T21:57:15.731+0000] {local_task_job_runner.py:261} INFO - Task exited with return code 0
[2026-03-17T21:57:15.770+0000] {taskinstance.py:3891} INFO - 1 downstream tasks scheduled from follow-on schedule check
[2026-03-17T21:57:15.779+0000] {local_task_job_runner.py:240} INFO - ::endgroup::
