[2026-03-17T22:31:06.989+0000] {local_task_job_runner.py:123} INFO - ::group::Pre task execution logs
[2026-03-17T22:31:07.012+0000] {taskinstance.py:2603} INFO - Dependencies all met for dep_context=non-requeueable deps ti=<TaskInstance: pipeline_ville_ideale_complet.recuperer_departements scheduled__2026-03-16T00:00:00+00:00 [queued]>
[2026-03-17T22:31:07.034+0000] {taskinstance.py:2603} INFO - Dependencies all met for dep_context=requeueable deps ti=<TaskInstance: pipeline_ville_ideale_complet.recuperer_departements scheduled__2026-03-16T00:00:00+00:00 [queued]>
[2026-03-17T22:31:07.037+0000] {taskinstance.py:2856} INFO - Starting attempt 10 of 10
[2026-03-17T22:31:07.059+0000] {taskinstance.py:2879} INFO - Executing <Task(PythonOperator): recuperer_departements> on 2026-03-16 00:00:00+00:00
[2026-03-17T22:31:07.065+0000] {standard_task_runner.py:72} INFO - Started process 211 to run task
[2026-03-17T22:31:07.069+0000] {standard_task_runner.py:104} INFO - Running: ['***', 'tasks', 'run', 'pipeline_ville_ideale_complet', 'recuperer_departements', 'scheduled__2026-03-16T00:00:00+00:00', '--job-id', '26', '--raw', '--subdir', 'DAGS_FOLDER/scraping_dag.py', '--cfg-path', '/tmp/tmprbi_ic3k']
[2026-03-17T22:31:07.074+0000] {standard_task_runner.py:105} INFO - Job 26: Subtask recuperer_departements
[2026-03-17T22:31:07.157+0000] {task_command.py:467} INFO - Running <TaskInstance: pipeline_ville_ideale_complet.recuperer_departements scheduled__2026-03-16T00:00:00+00:00 [running]> on host ***-worker
[2026-03-17T22:31:07.273+0000] {taskinstance.py:3122} INFO - Exporting env vars: AIRFLOW_CTX_DAG_OWNER='***' AIRFLOW_CTX_DAG_ID='pipeline_ville_ideale_complet' AIRFLOW_CTX_TASK_ID='recuperer_departements' AIRFLOW_CTX_EXECUTION_DATE='2026-03-16T00:00:00+00:00' AIRFLOW_CTX_TRY_NUMBER='10' AIRFLOW_CTX_DAG_RUN_ID='scheduled__2026-03-16T00:00:00+00:00'
[2026-03-17T22:31:07.277+0000] {taskinstance.py:731} INFO - ::endgroup::
[2026-03-17T22:31:07.418+0000] {logging_mixin.py:190} INFO - Page principale vide, tentative de secours...
[2026-03-17T22:31:07.443+0000] {logging_mixin.py:190} INFO - --- BILAN : 0 départements extraits ---
[2026-03-17T22:31:07.445+0000] {logging_mixin.py:190} INFO - ALERTE : Blocage total. Création manuelle du Dept 01 pour test.
[2026-03-17T22:31:07.534+0000] {python.py:240} INFO - Done. Returned value was: ['01']
[2026-03-17T22:31:07.573+0000] {taskinstance.py:340} INFO - ::group::Post task execution logs
[2026-03-17T22:31:07.575+0000] {taskinstance.py:352} INFO - Marking task as SUCCESS. dag_id=pipeline_ville_ideale_complet, task_id=recuperer_departements, run_id=scheduled__2026-03-16T00:00:00+00:00, execution_date=20260316T000000, start_date=20260317T223107, end_date=20260317T223107
[2026-03-17T22:31:07.608+0000] {local_task_job_runner.py:261} INFO - Task exited with return code 0
[2026-03-17T22:31:07.646+0000] {taskinstance.py:3891} INFO - 1 downstream tasks scheduled from follow-on schedule check
[2026-03-17T22:31:07.654+0000] {local_task_job_runner.py:240} INFO - ::endgroup::
