[2026-03-17T22:02:57.136+0000] {local_task_job_runner.py:123} INFO - ::group::Pre task execution logs
[2026-03-17T22:02:57.157+0000] {taskinstance.py:2603} INFO - Dependencies all met for dep_context=non-requeueable deps ti=<TaskInstance: pipeline_ville_ideale_complet.recuperer_liste_villes scheduled__2026-03-16T00:00:00+00:00 [queued]>
[2026-03-17T22:02:57.166+0000] {taskinstance.py:2603} INFO - Dependencies all met for dep_context=requeueable deps ti=<TaskInstance: pipeline_ville_ideale_complet.recuperer_liste_villes scheduled__2026-03-16T00:00:00+00:00 [queued]>
[2026-03-17T22:02:57.168+0000] {taskinstance.py:2856} INFO - Starting attempt 3 of 3
[2026-03-17T22:02:57.185+0000] {taskinstance.py:2879} INFO - Executing <Task(PythonOperator): recuperer_liste_villes> on 2026-03-16 00:00:00+00:00
[2026-03-17T22:02:57.192+0000] {standard_task_runner.py:72} INFO - Started process 113 to run task
[2026-03-17T22:02:57.196+0000] {standard_task_runner.py:104} INFO - Running: ['***', 'tasks', 'run', 'pipeline_ville_ideale_complet', 'recuperer_liste_villes', 'scheduled__2026-03-16T00:00:00+00:00', '--job-id', '9', '--raw', '--subdir', 'DAGS_FOLDER/scraping_dag.py', '--cfg-path', '/tmp/tmpm_x03jty']
[2026-03-17T22:02:57.200+0000] {standard_task_runner.py:105} INFO - Job 9: Subtask recuperer_liste_villes
[2026-03-17T22:02:57.276+0000] {task_command.py:467} INFO - Running <TaskInstance: pipeline_ville_ideale_complet.recuperer_liste_villes scheduled__2026-03-16T00:00:00+00:00 [running]> on host ***-worker
[2026-03-17T22:02:57.404+0000] {taskinstance.py:3122} INFO - Exporting env vars: AIRFLOW_CTX_DAG_OWNER='***' AIRFLOW_CTX_DAG_ID='pipeline_ville_ideale_complet' AIRFLOW_CTX_TASK_ID='recuperer_liste_villes' AIRFLOW_CTX_EXECUTION_DATE='2026-03-16T00:00:00+00:00' AIRFLOW_CTX_TRY_NUMBER='3' AIRFLOW_CTX_DAG_RUN_ID='scheduled__2026-03-16T00:00:00+00:00'
[2026-03-17T22:02:57.408+0000] {taskinstance.py:731} INFO - ::endgroup::
[2026-03-17T22:02:57.566+0000] {logging_mixin.py:190} INFO - --- DEBUG HTML POUR LE DEPT 01‑Ain ---
[2026-03-17T22:02:57.569+0000] {logging_mixin.py:190} INFO - ---------------------------------------
[2026-03-17T22:05:31.365+0000] {logging_mixin.py:190} INFO - Bilan de l'étape 2 : 0 villes ajoutées/mises à jour dans MongoDB.
[2026-03-17T22:05:31.373+0000] {python.py:240} INFO - Done. Returned value was: None
[2026-03-17T22:05:31.406+0000] {taskinstance.py:340} INFO - ::group::Post task execution logs
[2026-03-17T22:05:31.409+0000] {taskinstance.py:352} INFO - Marking task as SUCCESS. dag_id=pipeline_ville_ideale_complet, task_id=recuperer_liste_villes, run_id=scheduled__2026-03-16T00:00:00+00:00, execution_date=20260316T000000, start_date=20260317T220257, end_date=20260317T220531
[2026-03-17T22:05:31.446+0000] {local_task_job_runner.py:261} INFO - Task exited with return code 0
[2026-03-17T22:05:31.470+0000] {taskinstance.py:3891} INFO - 1 downstream tasks scheduled from follow-on schedule check
[2026-03-17T22:05:31.476+0000] {local_task_job_runner.py:240} INFO - ::endgroup::
