[2026-03-17T22:28:44.671+0000] {local_task_job_runner.py:123} INFO - ::group::Pre task execution logs
[2026-03-17T22:28:44.704+0000] {taskinstance.py:2603} INFO - Dependencies all met for dep_context=non-requeueable deps ti=<TaskInstance: pipeline_ville_ideale_complet.recuperer_liste_villes scheduled__2026-03-16T00:00:00+00:00 [queued]>
[2026-03-17T22:28:44.719+0000] {taskinstance.py:2603} INFO - Dependencies all met for dep_context=requeueable deps ti=<TaskInstance: pipeline_ville_ideale_complet.recuperer_liste_villes scheduled__2026-03-16T00:00:00+00:00 [queued]>
[2026-03-17T22:28:44.721+0000] {taskinstance.py:2856} INFO - Starting attempt 8 of 8
[2026-03-17T22:28:44.754+0000] {taskinstance.py:2879} INFO - Executing <Task(PythonOperator): recuperer_liste_villes> on 2026-03-16 00:00:00+00:00
[2026-03-17T22:28:44.765+0000] {standard_task_runner.py:72} INFO - Started process 199 to run task
[2026-03-17T22:28:44.786+0000] {standard_task_runner.py:104} INFO - Running: ['***', 'tasks', 'run', 'pipeline_ville_ideale_complet', 'recuperer_liste_villes', 'scheduled__2026-03-16T00:00:00+00:00', '--job-id', '24', '--raw', '--subdir', 'DAGS_FOLDER/scraping_dag.py', '--cfg-path', '/tmp/tmpx5dg6hkz']
[2026-03-17T22:28:44.798+0000] {standard_task_runner.py:105} INFO - Job 24: Subtask recuperer_liste_villes
[2026-03-17T22:28:44.918+0000] {task_command.py:467} INFO - Running <TaskInstance: pipeline_ville_ideale_complet.recuperer_liste_villes scheduled__2026-03-16T00:00:00+00:00 [running]> on host ***-worker
[2026-03-17T22:28:45.018+0000] {taskinstance.py:3122} INFO - Exporting env vars: AIRFLOW_CTX_DAG_OWNER='***' AIRFLOW_CTX_DAG_ID='pipeline_ville_ideale_complet' AIRFLOW_CTX_TASK_ID='recuperer_liste_villes' AIRFLOW_CTX_EXECUTION_DATE='2026-03-16T00:00:00+00:00' AIRFLOW_CTX_TRY_NUMBER='8' AIRFLOW_CTX_DAG_RUN_ID='scheduled__2026-03-16T00:00:00+00:00'
[2026-03-17T22:28:45.020+0000] {taskinstance.py:731} INFO - ::endgroup::
[2026-03-17T22:28:45.199+0000] {logging_mixin.py:190} INFO - --- DEBUG HTML POUR LE DEPT 01 ---
[2026-03-17T22:28:45.202+0000] {logging_mixin.py:190} INFO - ---------------------------------------
[2026-03-17T22:28:47.120+0000] {logging_mixin.py:190} INFO - Bilan de l'étape 2 : 0 villes ajoutées/mises à jour dans MongoDB.
[2026-03-17T22:28:47.123+0000] {python.py:240} INFO - Done. Returned value was: None
[2026-03-17T22:28:47.138+0000] {taskinstance.py:340} INFO - ::group::Post task execution logs
[2026-03-17T22:28:47.140+0000] {taskinstance.py:352} INFO - Marking task as SUCCESS. dag_id=pipeline_ville_ideale_complet, task_id=recuperer_liste_villes, run_id=scheduled__2026-03-16T00:00:00+00:00, execution_date=20260316T000000, start_date=20260317T222844, end_date=20260317T222847
[2026-03-17T22:28:47.187+0000] {local_task_job_runner.py:261} INFO - Task exited with return code 0
[2026-03-17T22:28:47.226+0000] {taskinstance.py:3891} INFO - 1 downstream tasks scheduled from follow-on schedule check
[2026-03-17T22:28:47.238+0000] {local_task_job_runner.py:240} INFO - ::endgroup::
