[2026-03-17T22:08:17.433+0000] {local_task_job_runner.py:123} INFO - ::group::Pre task execution logs
[2026-03-17T22:08:17.466+0000] {taskinstance.py:2603} INFO - Dependencies all met for dep_context=non-requeueable deps ti=<TaskInstance: pipeline_ville_ideale_complet.recuperer_liste_villes scheduled__2026-03-16T00:00:00+00:00 [queued]>
[2026-03-17T22:08:17.485+0000] {taskinstance.py:2603} INFO - Dependencies all met for dep_context=requeueable deps ti=<TaskInstance: pipeline_ville_ideale_complet.recuperer_liste_villes scheduled__2026-03-16T00:00:00+00:00 [queued]>
[2026-03-17T22:08:17.488+0000] {taskinstance.py:2856} INFO - Starting attempt 4 of 4
[2026-03-17T22:08:17.515+0000] {taskinstance.py:2879} INFO - Executing <Task(PythonOperator): recuperer_liste_villes> on 2026-03-16 00:00:00+00:00
[2026-03-17T22:08:17.526+0000] {standard_task_runner.py:72} INFO - Started process 130 to run task
[2026-03-17T22:08:17.534+0000] {standard_task_runner.py:104} INFO - Running: ['***', 'tasks', 'run', 'pipeline_ville_ideale_complet', 'recuperer_liste_villes', 'scheduled__2026-03-16T00:00:00+00:00', '--job-id', '12', '--raw', '--subdir', 'DAGS_FOLDER/scraping_dag.py', '--cfg-path', '/tmp/tmpfeiqns19']
[2026-03-17T22:08:17.543+0000] {standard_task_runner.py:105} INFO - Job 12: Subtask recuperer_liste_villes
[2026-03-17T22:08:17.643+0000] {task_command.py:467} INFO - Running <TaskInstance: pipeline_ville_ideale_complet.recuperer_liste_villes scheduled__2026-03-16T00:00:00+00:00 [running]> on host ***-worker
[2026-03-17T22:08:17.781+0000] {taskinstance.py:3122} INFO - Exporting env vars: AIRFLOW_CTX_DAG_OWNER='***' AIRFLOW_CTX_DAG_ID='pipeline_ville_ideale_complet' AIRFLOW_CTX_TASK_ID='recuperer_liste_villes' AIRFLOW_CTX_EXECUTION_DATE='2026-03-16T00:00:00+00:00' AIRFLOW_CTX_TRY_NUMBER='4' AIRFLOW_CTX_DAG_RUN_ID='scheduled__2026-03-16T00:00:00+00:00'
[2026-03-17T22:08:17.786+0000] {taskinstance.py:731} INFO - ::endgroup::
[2026-03-17T22:08:17.951+0000] {logging_mixin.py:190} INFO - --- DEBUG HTML POUR LE DEPT 01‑Ain ---
[2026-03-17T22:08:17.954+0000] {logging_mixin.py:190} INFO - ---------------------------------------
[2026-03-17T22:10:33.972+0000] {local_task_job_runner.py:341} WARNING - State of this instance has been externally set to restarting. Terminating instance.
[2026-03-17T22:10:33.977+0000] {local_task_job_runner.py:240} INFO - ::endgroup::
[2026-03-17T22:10:33.983+0000] {process_utils.py:132} INFO - Sending 15 to group 130. PIDs of all processes in the group: [130]
[2026-03-17T22:10:33.986+0000] {process_utils.py:87} INFO - Sending the signal 15 to group 130
[2026-03-17T22:10:33.990+0000] {taskinstance.py:3083} ERROR - Received SIGTERM. Terminating subprocesses.
[2026-03-17T22:10:34.018+0000] {taskinstance.py:3301} ERROR - Task failed with exception
Traceback (most recent call last):
  File "/home/airflow/.local/lib/python3.11/site-packages/airflow/models/taskinstance.py", line 767, in _execute_task
    result = _execute_callable(context=context, **execute_callable_kwargs)
             ^^^^^^^^^^^^^^^^^^^^^^^^^^^^^^^^^^^^^^^^^^^^^^^^^^^^^^^^^^^^^
  File "/home/airflow/.local/lib/python3.11/site-packages/airflow/models/taskinstance.py", line 733, in _execute_callable
    return ExecutionCallableRunner(
           ^^^^^^^^^^^^^^^^^^^^^^^^
  File "/home/airflow/.local/lib/python3.11/site-packages/airflow/utils/operator_helpers.py", line 252, in run
    return self.func(*args, **kwargs)
           ^^^^^^^^^^^^^^^^^^^^^^^^^^
  File "/home/airflow/.local/lib/python3.11/site-packages/airflow/models/baseoperator.py", line 406, in wrapper
    return func(self, *args, **kwargs)
           ^^^^^^^^^^^^^^^^^^^^^^^^^^^
  File "/home/airflow/.local/lib/python3.11/site-packages/airflow/operators/python.py", line 238, in execute
    return_value = self.execute_callable()
                   ^^^^^^^^^^^^^^^^^^^^^^^
  File "/home/airflow/.local/lib/python3.11/site-packages/airflow/operators/python.py", line 256, in execute_callable
    return runner.run(*self.op_args, **self.op_kwargs)
           ^^^^^^^^^^^^^^^^^^^^^^^^^^^^^^^^^^^^^^^^^^^
  File "/home/airflow/.local/lib/python3.11/site-packages/airflow/utils/operator_helpers.py", line 252, in run
    return self.func(*args, **kwargs)
           ^^^^^^^^^^^^^^^^^^^^^^^^^^
  File "/opt/airflow/dags/scraping_dag.py", line 99, in task_get_villes_list
    time.sleep(random.uniform(1, 2))
  File "/home/airflow/.local/lib/python3.11/site-packages/airflow/models/taskinstance.py", line 3085, in signal_handler
    raise AirflowTaskTerminated("Task received SIGTERM signal")
airflow.exceptions.AirflowTaskTerminated: Task received SIGTERM signal
[2026-03-17T22:10:34.032+0000] {taskinstance.py:1225} INFO - Marking task as UP_FOR_RETRY. dag_id=pipeline_ville_ideale_complet, task_id=recuperer_liste_villes, run_id=scheduled__2026-03-16T00:00:00+00:00, execution_date=20260316T000000, start_date=20260317T220817, end_date=20260317T221034
[2026-03-17T22:10:34.063+0000] {taskinstance.py:340} INFO - ::group::Post task execution logs
[2026-03-17T22:10:34.124+0000] {process_utils.py:80} INFO - Process psutil.Process(pid=130, status='terminated', exitcode=2, started='22:08:17') (130) terminated with exit code 2
