[2026-03-17T21:24:25.844+0000] {local_task_job_runner.py:123} INFO - ::group::Pre task execution logs
[2026-03-17T21:24:25.866+0000] {taskinstance.py:2603} INFO - Dependencies all met for dep_context=non-requeueable deps ti=<TaskInstance: pipeline_ville_ideale_complet.recuperer_details_notes scheduled__2026-03-16T00:00:00+00:00 [queued]>
[2026-03-17T21:24:25.876+0000] {taskinstance.py:2603} INFO - Dependencies all met for dep_context=requeueable deps ti=<TaskInstance: pipeline_ville_ideale_complet.recuperer_details_notes scheduled__2026-03-16T00:00:00+00:00 [queued]>
[2026-03-17T21:24:25.877+0000] {taskinstance.py:2856} INFO - Starting attempt 1 of 1
[2026-03-17T21:24:25.893+0000] {taskinstance.py:2879} INFO - Executing <Task(PythonOperator): recuperer_details_notes> on 2026-03-16 00:00:00+00:00
[2026-03-17T21:24:25.902+0000] {standard_task_runner.py:72} INFO - Started process 112 to run task
[2026-03-17T21:24:25.907+0000] {standard_task_runner.py:104} INFO - Running: ['***', 'tasks', 'run', 'pipeline_ville_ideale_complet', 'recuperer_details_notes', 'scheduled__2026-03-16T00:00:00+00:00', '--job-id', '9', '--raw', '--subdir', 'DAGS_FOLDER/scraping_dag.py', '--cfg-path', '/tmp/tmpuqx1o7v5']
[2026-03-17T21:24:25.911+0000] {standard_task_runner.py:105} INFO - Job 9: Subtask recuperer_details_notes
[2026-03-17T21:24:25.986+0000] {task_command.py:467} INFO - Running <TaskInstance: pipeline_ville_ideale_complet.recuperer_details_notes scheduled__2026-03-16T00:00:00+00:00 [running]> on host ***-worker
[2026-03-17T21:24:26.155+0000] {taskinstance.py:3122} INFO - Exporting env vars: AIRFLOW_CTX_DAG_OWNER='***' AIRFLOW_CTX_DAG_ID='pipeline_ville_ideale_complet' AIRFLOW_CTX_TASK_ID='recuperer_details_notes' AIRFLOW_CTX_EXECUTION_DATE='2026-03-16T00:00:00+00:00' AIRFLOW_CTX_TRY_NUMBER='1' AIRFLOW_CTX_DAG_RUN_ID='scheduled__2026-03-16T00:00:00+00:00'
[2026-03-17T21:24:26.159+0000] {taskinstance.py:731} INFO - ::endgroup::
[2026-03-17T21:24:26.256+0000] {python.py:240} INFO - Done. Returned value was: None
[2026-03-17T21:24:26.270+0000] {taskinstance.py:340} INFO - ::group::Post task execution logs
[2026-03-17T21:24:26.271+0000] {taskinstance.py:352} INFO - Marking task as SUCCESS. dag_id=pipeline_ville_ideale_complet, task_id=recuperer_details_notes, run_id=scheduled__2026-03-16T00:00:00+00:00, execution_date=20260316T000000, start_date=20260317T212425, end_date=20260317T212426
[2026-03-17T21:24:26.325+0000] {local_task_job_runner.py:261} INFO - Task exited with return code 0
[2026-03-17T21:24:26.349+0000] {taskinstance.py:3891} INFO - 0 downstream tasks scheduled from follow-on schedule check
[2026-03-17T21:24:26.358+0000] {local_task_job_runner.py:240} INFO - ::endgroup::
[2026-03-17T21:41:25.278+0000] {local_task_job_runner.py:123} INFO - ::group::Pre task execution logs
[2026-03-17T21:41:25.295+0000] {taskinstance.py:2603} INFO - Dependencies all met for dep_context=non-requeueable deps ti=<TaskInstance: pipeline_ville_ideale_complet.recuperer_details_notes scheduled__2026-03-16T00:00:00+00:00 [queued]>
[2026-03-17T21:41:25.304+0000] {taskinstance.py:2603} INFO - Dependencies all met for dep_context=requeueable deps ti=<TaskInstance: pipeline_ville_ideale_complet.recuperer_details_notes scheduled__2026-03-16T00:00:00+00:00 [queued]>
[2026-03-17T21:41:25.305+0000] {taskinstance.py:2856} INFO - Starting attempt 1 of 1
[2026-03-17T21:41:25.328+0000] {taskinstance.py:2879} INFO - Executing <Task(PythonOperator): recuperer_details_notes> on 2026-03-16 00:00:00+00:00
[2026-03-17T21:41:25.336+0000] {standard_task_runner.py:72} INFO - Started process 96 to run task
[2026-03-17T21:41:25.341+0000] {standard_task_runner.py:104} INFO - Running: ['***', 'tasks', 'run', 'pipeline_ville_ideale_complet', 'recuperer_details_notes', 'scheduled__2026-03-16T00:00:00+00:00', '--job-id', '6', '--raw', '--subdir', 'DAGS_FOLDER/scraping_dag.py', '--cfg-path', '/tmp/tmpc9t3hvoy']
[2026-03-17T21:41:25.348+0000] {standard_task_runner.py:105} INFO - Job 6: Subtask recuperer_details_notes
[2026-03-17T21:41:25.430+0000] {task_command.py:467} INFO - Running <TaskInstance: pipeline_ville_ideale_complet.recuperer_details_notes scheduled__2026-03-16T00:00:00+00:00 [running]> on host ***-worker
[2026-03-17T21:41:25.551+0000] {taskinstance.py:3122} INFO - Exporting env vars: AIRFLOW_CTX_DAG_OWNER='***' AIRFLOW_CTX_DAG_ID='pipeline_ville_ideale_complet' AIRFLOW_CTX_TASK_ID='recuperer_details_notes' AIRFLOW_CTX_EXECUTION_DATE='2026-03-16T00:00:00+00:00' AIRFLOW_CTX_TRY_NUMBER='1' AIRFLOW_CTX_DAG_RUN_ID='scheduled__2026-03-16T00:00:00+00:00'
[2026-03-17T21:41:25.557+0000] {taskinstance.py:731} INFO - ::endgroup::
[2026-03-17T21:41:25.621+0000] {python.py:240} INFO - Done. Returned value was: None
[2026-03-17T21:41:25.633+0000] {taskinstance.py:340} INFO - ::group::Post task execution logs
[2026-03-17T21:41:25.634+0000] {taskinstance.py:352} INFO - Marking task as SUCCESS. dag_id=pipeline_ville_ideale_complet, task_id=recuperer_details_notes, run_id=scheduled__2026-03-16T00:00:00+00:00, execution_date=20260316T000000, start_date=20260317T214125, end_date=20260317T214125
[2026-03-17T21:41:25.684+0000] {local_task_job_runner.py:261} INFO - Task exited with return code 0
[2026-03-17T21:41:25.715+0000] {taskinstance.py:3891} INFO - 0 downstream tasks scheduled from follow-on schedule check
[2026-03-17T21:41:25.721+0000] {local_task_job_runner.py:240} INFO - ::endgroup::
[2026-03-17T21:49:11.520+0000] {local_task_job_runner.py:123} INFO - ::group::Pre task execution logs
[2026-03-17T21:49:11.542+0000] {taskinstance.py:2603} INFO - Dependencies all met for dep_context=non-requeueable deps ti=<TaskInstance: pipeline_ville_ideale_complet.recuperer_details_notes scheduled__2026-03-16T00:00:00+00:00 [queued]>
[2026-03-17T21:49:11.552+0000] {taskinstance.py:2603} INFO - Dependencies all met for dep_context=requeueable deps ti=<TaskInstance: pipeline_ville_ideale_complet.recuperer_details_notes scheduled__2026-03-16T00:00:00+00:00 [queued]>
[2026-03-17T21:49:11.555+0000] {taskinstance.py:2856} INFO - Starting attempt 1 of 1
[2026-03-17T21:49:11.576+0000] {taskinstance.py:2879} INFO - Executing <Task(PythonOperator): recuperer_details_notes> on 2026-03-16 00:00:00+00:00
[2026-03-17T21:49:11.583+0000] {standard_task_runner.py:72} INFO - Started process 84 to run task
[2026-03-17T21:49:11.588+0000] {standard_task_runner.py:104} INFO - Running: ['***', 'tasks', 'run', 'pipeline_ville_ideale_complet', 'recuperer_details_notes', 'scheduled__2026-03-16T00:00:00+00:00', '--job-id', '4', '--raw', '--subdir', 'DAGS_FOLDER/scraping_dag.py', '--cfg-path', '/tmp/tmpxebsze09']
[2026-03-17T21:49:11.593+0000] {standard_task_runner.py:105} INFO - Job 4: Subtask recuperer_details_notes
[2026-03-17T21:49:11.677+0000] {task_command.py:467} INFO - Running <TaskInstance: pipeline_ville_ideale_complet.recuperer_details_notes scheduled__2026-03-16T00:00:00+00:00 [running]> on host ***-worker
[2026-03-17T21:49:11.780+0000] {taskinstance.py:3122} INFO - Exporting env vars: AIRFLOW_CTX_DAG_OWNER='***' AIRFLOW_CTX_DAG_ID='pipeline_ville_ideale_complet' AIRFLOW_CTX_TASK_ID='recuperer_details_notes' AIRFLOW_CTX_EXECUTION_DATE='2026-03-16T00:00:00+00:00' AIRFLOW_CTX_TRY_NUMBER='1' AIRFLOW_CTX_DAG_RUN_ID='scheduled__2026-03-16T00:00:00+00:00'
[2026-03-17T21:49:11.783+0000] {taskinstance.py:731} INFO - ::endgroup::
[2026-03-17T21:49:11.834+0000] {python.py:240} INFO - Done. Returned value was: None
[2026-03-17T21:49:11.848+0000] {taskinstance.py:340} INFO - ::group::Post task execution logs
[2026-03-17T21:49:11.850+0000] {taskinstance.py:352} INFO - Marking task as SUCCESS. dag_id=pipeline_ville_ideale_complet, task_id=recuperer_details_notes, run_id=scheduled__2026-03-16T00:00:00+00:00, execution_date=20260316T000000, start_date=20260317T214911, end_date=20260317T214911
[2026-03-17T21:49:11.885+0000] {local_task_job_runner.py:261} INFO - Task exited with return code 0
[2026-03-17T21:49:11.904+0000] {local_task_job_runner.py:240} INFO - ::endgroup::
